main.c:118:6:interpreteComando	32	static
main.c:257:6:generateSpeedResponse	40	static
main.c:300:5:directionConsistencyChecker	24	static
main.c:321:6:setDirection	24	static
main.c:347:6:HAL_TIM_PeriodElapsedCallback	72	static
main.c:478:6:HAL_SPI_TxRxCpltCallback	24	static
main.c:518:5:main	8	static
main.c:600:6:SystemClock_Config	72	static
main.c:639:13:MX_SPI2_Init	8	static
main.c:677:13:MX_TIM1_Init	96	static
main.c:751:13:MX_TIM2_Init	64	static
main.c:814:13:MX_TIM3_Init	56	static
main.c:863:13:MX_TIM4_Init	56	static
main.c:912:13:MX_GPIO_Init	40	static
main.c:952:6:Error_Handler	4	static
