20:20:08 **** Incremental Build of configuration Debug for project slave_controlMotor ****
make -j4 all 
arm-none-eabi-gcc "../Core/Src/main.c" -mcpu=cortex-m3 -std=gnu11 -g3 -DUSE_HAL_DRIVER -DSTM32F103xB -DDEBUG -c -I../Core/Inc -I../Drivers/STM32F1xx_HAL_Driver/Inc -I../Drivers/STM32F1xx_HAL_Driver/Inc/Legacy -I../Drivers/CMSIS/Device/ST/STM32F1xx/Include -I../Drivers/CMSIS/Include -O0 -ffunction-sections -fdata-sections -Wall -fstack-usage -MMD -MP -MF"Core/Src/main.d" -MT"Core/Src/main.o" --specs=nano.specs -mfloat-abi=soft -mthumb -o "Core/Src/main.o"
arm-none-eabi-gcc -o "slave_controlMotor.elf" @"objects.list"   -mcpu=cortex-m3 -T"/home/gabriel/STM32CubeIDE/workspace_slave_2.0/slave_controlMotor/STM32F103C8TX_FLASH.ld" --specs=nosys.specs -Wl,-Map="slave_controlMotor.map" -Wl,--gc-sections -static --specs=nano.specs -mfloat-abi=soft -mthumb -Wl,--start-group -lc -lm -Wl,--end-group
Finished building target: slave_controlMotor.elf
 
arm-none-eabi-objdump -h -S  slave_controlMotor.elf  > "slave_controlMotor.list"
arm-none-eabi-objcopy  -O binary  slave_controlMotor.elf  "slave_controlMotor.bin"
arm-none-eabi-size   slave_controlMotor.elf 
   text	   data	    bss	    dec	    hex	filename
  32076	    572	   2224	  34872	   8838	slave_controlMotor.elf
Finished building: default.size.stdout
Finished building: slave_controlMotor.bin
 
 
Finished building: slave_controlMotor.list
 

20:20:10 Build Finished. 0 errors, 0 warnings. (took 2s.519ms)

